<!doctype html>
<html VERSION-5="5" VERSION-4="4" version="5">
    <body>
        <h1>Hello stefi</h1>
    </body>
</html>