.home {
    color: red;
    padding: 10px;
    border: 1px solid green;
}