<!doctype html>
<html VERSION-5="5" VERSION-4="4" version="5">
    <body>
        <footer>
            <h3>(c) Wizzi</h3>
        </footer>
    </body>
</html>