.home {
    color: #ff00ff;
    padding: 10px;
    border: 1px solid green;
}